// Jest Snapshot v1, https://goo.gl/fbAQLP

exports[`Colors component generates a list of colors 1`] = `
<ul>
  <li
    key="red"
  >
    <Color
      hex="#ff0000"
      name="red"
      rgb={
        Object {
          "blue": 0,
          "green": 0,
          "red": 255,
        }
      }
    />
  </li>
  <li
    key="green"
  >
    <Color
      hex="#00ff00"
      name="green"
      rgb={
        Object {
          "blue": 0,
          "green": 255,
          "red": 0,
        }
      }
    />
  </li>
  <li
    key="blue"
  >
    <Color
      hex="#0000ff"
      name="blue"
      rgb={
        Object {
          "blue": 255,
          "green": 0,
          "red": 0,
        }
      }
    />
  </li>
</ul>
`;
